src/App.tsx(13,36): error TS2304: Cannot find name '__BASE_PATH__'.
src/i18n/local/index.ts(1,29): error TS2339: Property 'glob' does not exist on type 'ImportMeta'.
src/lib/adminApi.ts(18,3): error TS2724: '"@/types/admin"' has no exported member named 'UpdateSemesterRegistrationDatesForm'. Did you mean 'UpdateRegistrationDatesForm'?
src/lib/adminApi.ts(319,18): error TS2352: Conversion of type 'object' to type 'undefined' may be a mistake because neither type sufficiently overlaps with the other. If this was intentional, convert the expression to 'unknown' first.
src/lib/courseApi.ts(62,42): error TS2339: Property 'isSuccess' does not exist on type 'never'.
src/lib/courseApi.ts(62,59): error TS2339: Property 'data' does not exist on type 'never'.
src/lib/courseApi.ts(62,84): error TS2339: Property 'data' does not exist on type 'never'.
src/lib/feesApi.ts(39,100): error TS2339: Property 'message' does not exist on type '{ code: string; description: string; }'.
src/pages/admin/fees/page.tsx(71,33): error TS2345: Argument of type 'StudentListItem[]' is not assignable to parameter of type 'SetStateAction<{ id: number; name: string; code: string; }[]>'.
  Type 'StudentListItem[]' is not assignable to type '{ id: number; name: string; code: string; }[]'.
    Type 'StudentListItem' is missing the following properties from type '{ id: number; name: string; code: string; }': name, code
src/pages/admin/fees/page.tsx(87,41): error TS2339: Property 'pageNumber' does not exist on type 'PaginatedResponse<FeeInvoice>'.
src/pages/admin/fees/page.tsx(97,41): error TS2339: Property 'pageNumber' does not exist on type 'PaginatedResponse<Payment>'.
src/pages/admin/notifications/page.tsx(37,38): error TS2339: Property 'pageNumber' does not exist on type 'PaginatedResponse<NotificationItem>'.
src/pages/admin/notifications/page.tsx(200,92): error TS2339: Property 'code' does not exist on type 'DepartmentOption'.
src/pages/admin/schedules/ExamSchedulesTab.tsx(33,38): error TS2339: Property 'pageNumber' does not exist on type 'PaginatedResponse<ExamScheduleItem>'.
src/pages/admin/settings/page.tsx(36,23): error TS2345: Argument of type 'RegistrationSettings | undefined' is not assignable to parameter of type 'SetStateAction<RegistrationSettings>'.
  Type 'undefined' is not assignable to type 'SetStateAction<RegistrationSettings>'.
src/pages/admin/users/students/StudentDetailPanel.tsx(5,45): error TS2724: '"@/lib/enums"' has no exported member named 'PAYMENT_STATUS_LABELS'. Did you mean 'FEE_STATUS_LABELS'?
src/pages/advisor/dashboard/page.tsx(31,19): error TS2345: Argument of type 'AdvisorDashboardData | undefined' is not assignable to parameter of type 'SetStateAction<AdvisorDashboardData | null>'.
  Type 'undefined' is not assignable to type 'SetStateAction<AdvisorDashboardData | null>'.
src/pages/advisor/fees/page.tsx(4,37): error TS2307: Cannot find module '@/types/advisor' or its corresponding type declarations.
src/pages/advisor/fees/page.tsx(50,45): error TS2322: Type 'string' is not assignable to type 'number'.
src/pages/advisor/fees/page.tsx(50,56): error TS2322: Type 'string' is not assignable to type 'number'.
src/pages/advisor/fees/page.tsx(50,70): error TS2322: Type 'string' is not assignable to type 'number'.
src/pages/advisor/notifications/page.tsx(4,42): error TS2307: Cannot find module '@/types/advisor' or its corresponding type declarations.
src/pages/advisor/notifications/page.tsx(32,19): error TS2554: Expected 2 arguments, but got 1.
src/pages/advisor/notifications/page.tsx(45,17): error TS2554: Expected 2 arguments, but got 1.
src/pages/advisor/profile/page.tsx(4,66): error TS2307: Cannot find module '@/types/advisor' or its corresponding type declarations.
src/pages/advisor/profile/page.tsx(42,21): error TS7006: Parameter 'prev' implicitly has an 'any' type.
src/pages/advisor/profile/page.tsx(126,47): error TS7006: Parameter 'prev' implicitly has an 'any' type.
src/pages/advisor/profile/page.tsx(135,47): error TS7006: Parameter 'prev' implicitly has an 'any' type.
src/pages/advisor/profile/page.tsx(144,47): error TS7006: Parameter 'prev' implicitly has an 'any' type.
src/pages/advisor/profile/page.tsx(153,47): error TS7006: Parameter 'prev' implicitly has an 'any' type.
src/pages/advisor/schedule-adjustments/page.tsx(4,66): error TS2307: Cannot find module '@/types/advisor' or its corresponding type declarations.
src/pages/advisor/schedule-adjustments/page.tsx(29,43): error TS2322: Type 'string' is not assignable to type 'number'.
src/pages/advisor/schedule-adjustments/page.tsx(29,57): error TS2322: Type 'string' is not assignable to type 'number'.
src/pages/advisor/schedule-adjustments/page.tsx(29,72): error TS2322: Type 'string' is not assignable to type 'number'.
src/pages/advisor/students/detail/page.tsx(5,43): error TS2307: Cannot find module '@/types/advisor' or its corresponding type declarations.
src/pages/advisor/students/detail/page.tsx(246,46): error TS7006: Parameter 'c' implicitly has an 'any' type.
src/pages/advisor/students/detail/page.tsx(246,49): error TS7006: Parameter 'i' implicitly has an 'any' type.
src/pages/advisor/students/detail/page.tsx(272,35): error TS7006: Parameter 'w' implicitly has an 'any' type.
src/pages/advisor/students/page.tsx(5,37): error TS2307: Cannot find module '@/types/advisor' or its corresponding type declarations.
src/pages/advisor/warnings/page.tsx(4,58): error TS2307: Cannot find module '@/types/advisor' or its corresponding type declarations.
src/pages/advisor/warnings/page.tsx(150,45): error TS7006: Parameter 'prev' implicitly has an 'any' type.
src/pages/advisor/warnings/page.tsx(161,47): error TS7006: Parameter 'prev' implicitly has an 'any' type.
src/pages/advisor/warnings/page.tsx(173,47): error TS7006: Parameter 'prev' implicitly has an 'any' type.
src/pages/advisor/warnings/page.tsx(187,45): error TS7006: Parameter 'prev' implicitly has an 'any' type.
src/pages/forgot-password/page.tsx(4,10): error TS2305: Module '"../../types/auth"' has no exported member 'ForgotPasswordRequest'.
src/pages/login/page.tsx(47,9): error TS2353: Object literal may only specify known properties, and 'role' does not exist in type 'LoginRequest'.
src/pages/reset-password/page.tsx(4,10): error TS2305: Module '"../../types/auth"' has no exported member 'ResetPasswordRequest'.
src/pages/student/registration/page.tsx(100,15): error TS2339: Property 'belowMinimumWarning' does not exist on type 'DropCourseResponse'.
src/pages/student/registration/page.tsx(206,18): error TS2339: Property 'isOpen' does not exist on type 'RegistrationStatus'.
src/pages/student/registration/page.tsx(208,32): error TS2339: Property 'isOpen' does not exist on type 'RegistrationStatus'.
src/pages/student/registration/page.tsx(209,19): error TS2339: Property 'isOpen' does not exist on type 'RegistrationStatus'.
src/pages/student/registration/page.tsx(210,45): error TS2339: Property 'closesOn' does not exist on type 'RegistrationStatus'.
src/pages/student/registration/page.tsx(210,88): error TS2339: Property 'closesOn' does not exist on type 'RegistrationStatus'.
src/pages/student/registration/page.tsx(211,47): error TS2339: Property 'opensOn' does not exist on type 'RegistrationStatus'.
src/pages/student/registration/page.tsx(211,88): error TS2339: Property 'opensOn' does not exist on type 'RegistrationStatus'.
src/pages/student/registration/page.tsx(278,41): error TS2339: Property 'isOpen' does not exist on type 'RegistrationStatus'.
src/pages/student/registration/page.tsx(402,58): error TS2339: Property 'isOpen' does not exist on type 'RegistrationStatus'.
src/pages/student/registration/page.tsx(403,53): error TS2339: Property 'isOpen' does not exist on type 'RegistrationStatus'.
src/pages/student/registration/page.tsx(405,45): error TS2339: Property 'isOpen' does not exist on type 'RegistrationStatus'.
vite.config.ts(3,18): error TS2307: Cannot find module 'path' or its corresponding type declarations.
vite.config.ts(9,25): error TS2304: Cannot find name '__dirname'.
